   Compiling sugarscape-core v0.1.0 (/Users/nathan/.config/superpowers/worktrees/SugarScape/democratic-peace-precision-final-replay/crates/sugarscape-core)
   Compiling survey v0.1.0 (/Users/nathan/.config/superpowers/worktrees/SugarScape/democratic-peace-precision-final-replay/survey)
    Finished `test` profile [unoptimized + debuginfo] target(s) in 38.99s
     Running unittests src/bin/democratic_peace.rs (/Users/nathan/.config/superpowers/worktrees/SugarScape/democratic-peace-precision-scratch/survey/target/debug/deps/democratic_peace-bc318a1d43804d22)

running 9 tests
test tests::nonfinite_json_and_trailing_garbage_are_rejected ... ok
test tests::duplicate_nested_json_fields_are_rejected ... ok
test tests::explicit_construction_failure_and_partial_panic_are_retained ... ok
test tests::missing_panic_context_and_completed_errors_are_rejected ... ok
test tests::source_inventory_paths_cannot_escape_root ... ok
test tests::valid_zero_and_null_json_remain_distinct ... ok
test followup::tests::independent_review_identity_and_resource_gates_are_strict ... ok
test tests::output_aliases_reject_without_creating_files ... ok
test tests::forged_required_build_locks_and_empty_command_are_rejected ... ok

test result: ok. 9 passed; 0 failed; 0 ignored; 0 measured; 0 filtered out; finished in 0.00s

     Running tests/democratic_peace_native.rs (/Users/nathan/.config/superpowers/worktrees/SugarScape/democratic-peace-precision-scratch/survey/target/debug/deps/democratic_peace_native-3b48a6b3a675943d)

running 7 tests
test duplicate_manifest_fields_are_rejected_before_resolved_export ... ok
test malformed_manifest_is_rejected_before_output_creation ... ok
test followup_phases_resolve_exact_fresh_rosters_and_reject_drift_before_writes ... ok
test canonical_registered_arm_and_analysis_job_drift_reject_before_outputs ... ok
test analysis_cli_rejects_input_and_source_aliases_before_either_write ... ok
test valid_complete_invalid_construction_and_partial_outcomes_remain_resumable ... ok
test corrupt_scientific_rows_reject_without_touching_raw_or_resolved_outputs ... ok

test result: ok. 7 passed; 0 failed; 0 ignored; 0 measured; 0 filtered out; finished in 33.20s

