    Finished `test` profile [optimized + debuginfo] target(s) in 0.03s
     Running unittests src/lib.rs (/Users/nathan/.config/superpowers/worktrees/SugarScape/democratic-peace-scratch/target/debug/deps/sugarscape_core-18cae01689039055)

running 53 tests
test democratic_peace::resources::overflow_tests::finite_denominator_overflow_is_invalid ... ok
test democratic_peace::resources::tests::inactive_front_uses_own_opponent ... ok
test democratic_peace::resources::tests::fixed_allocation_uses_distinct_eligible_fronts ... ok
test democratic_peace::resources::tests::zero_limits_are_direction_sensitive ... ok
test democratic_peace::resources::tests::strict_zero_policy_rejects_denominator ... ok
test democratic_peace::resources::tests::printed_probability_declines_with_superiority ... ok
test democratic_peace::resources::tests::prose_probability_increases_with_superiority ... ok
test democratic_peace::resources::tests::zero_fronts_never_divide ... ok
test democratic_peace::tests::border_exposure_counts_edges_not_distinct_states ... ok
test democratic_peace::tests::capturing_bridge_releases_disconnected_cells ... ok
test democratic_peace::tests::capture_and_fragment_absorbs_compound_capital ... ok
test democratic_peace::tests::capital_collapse_releases_each_primitive_cell ... ok
test democratic_peace::tests::all_front_enemy_total_changes_active_commitment ... ok
test democratic_peace::tests::cell_locks_allow_disjoint_claims_against_same_state ... ok
test democratic_peace::tests::census_rejects_missing_owner_and_mismatched_cell_index_with_context ... ok
test democratic_peace::tests::census_rejects_same_length_wrong_state_membership ... ok
test democratic_peace::tests::census_rejects_front_endpoint_identity_and_missing_topology ... ok
test democratic_peace::tests::census_rejects_state_key_and_generation_counter_mismatches ... ok
test democratic_peace::tests::conquest_yield_is_delayed_until_next_resource_update ... ok
test democratic_peace::tests::collective_security_scope_changes_unaligned_democratic_obligation ... ok
test democratic_peace::tests::current_plan_obligations_do_not_read_previous_buffer ... ok
test democratic_peace::tests::democracies_allocate_only_against_predatory_neighbors ... ok
test democratic_peace::tests::equal_state_weights_change_exposure_average ... ok
test democratic_peace::tests::exact_threshold_does_not_count_as_threat ... ok
test democratic_peace::tests::census_corruption_invalidates_candidate_without_advancing_world ... ok
test democratic_peace::tests::extraction_uses_preclaim_territory ... ok
test democratic_peace::tests::independent_victories_can_record_opposing_claims ... ok
test democratic_peace::tests::initial_all_democratic_first_passage_is_zero ... ok
test democratic_peace::tests::isolated_democracy_has_exposure_one ... ok
test democratic_peace::tests::latent_democracy_can_return_after_extinction ... ok
test democratic_peace::tests::legitimate_undefined_clustering_is_blank_csv_and_nan_series ... ok
test democratic_peace::tests::lowest_id_breaks_equal_threat_tie ... ok
test democratic_peace::tests::probability_zero_boundaries_have_all_literal_limits ... ok
test democratic_peace::tests::overwrite_on_conquest_changes_released_latent_tag ... ok
test democratic_peace::tests::probability_denominator_overflow_is_invalid ... ok
test democratic_peace::tests::grouped_periods_have_identical_state_and_rng ... ok
test democratic_peace::tests::random_threat_ties_are_reproducible_and_consume_stream ... ok
test democratic_peace::tests::failed_period_preserves_engine_and_rng ... ok
test democratic_peace::tests::persistent_alliance_keeps_old_threat_when_new_threat_is_stronger ... ok
test democratic_peace::tests::rounded_quota_assigns_exact_counts ... ok
test democratic_peace::tests::simultaneous_proposals_count_one_initiated_front ... ok
test democratic_peace::tests::shared_primary_threat_forms_one_defensive_alliance ... ok
test democratic_peace::tests::repeated_first_inactive_term_changes_other_inactive_front ... ok
test democratic_peace::tests::single_draw_victory_records_only_one_claim ... ok
test democratic_peace::tests::late_generation_failure_rolls_back_prior_mutations_and_rng ... ok
test democratic_peace::tests::prospective_release_footprint_honors_prior_locked_cells ... ok
test democratic_peace::tests::structural_pruning_recomputes_surviving_alliance_pool ... ok
test democratic_peace::tests::stalemate_ends_mutual_battle_without_claims ... ok
test democratic_peace::tests::territory_path_distance_follows_owned_cells ... ok
test democratic_peace::tests::threshold_probability_is_half_in_both_directions ... ok
test democratic_peace::tests::unilateral_defection_has_no_combat_consequence ... ok
test democratic_peace::tests::internal_candidate_panic_is_terminal_and_preserves_committed_state ... ok
test democratic_peace::tests::schema_paths_roundtrip_and_all_changes_require_reset ... ok

test result: ok. 53 passed; 0 failed; 0 ignored; 0 measured; 1930 filtered out; finished in 0.00s

