{
  "classification": "unregistered_runtime_probe",
  "probes": [
    {
      "case": 0,
      "preset": "printed_2001",
      "config": {
        "width": 15,
        "height": 15,
        "horizon_periods": 1000,
        "periods_per_tick": 100,
        "initial_democratic_share": 0.05,
        "mobile_share": 0.15,
        "mechanism": "collective_security"
      },
      "seed": 400100001,
      "command": [
        "/usr/bin/time",
        "-l",
        "/Users/nathan/.config/superpowers/worktrees/SugarScape/democratic-peace/survey/target/release/democratic_peace",
        "--manifest",
        "/Users/nathan/.config/superpowers/worktrees/SugarScape/democratic-peace/survey/out/democratic-peace-preparation-task3-fix1/probe-0-manifest.json",
        "--resolved",
        "/Users/nathan/.config/superpowers/worktrees/SugarScape/democratic-peace/survey/out/democratic-peace-preparation-task3-fix1/probe-0-resolved.json",
        "--repo",
        "/Users/nathan/.config/superpowers/worktrees/SugarScape/democratic-peace",
        "--out",
        "/Users/nathan/.config/superpowers/worktrees/SugarScape/democratic-peace/survey/out/democratic-peace-preparation-task3-fix1/probe-0-sessions.jsonl",
        "--receipt",
        "/Users/nathan/.config/superpowers/worktrees/SugarScape/democratic-peace/survey/out/democratic-peace-preparation-task3-fix1/probe-0-build-receipt.json"
      ],
      "cwd": "/Users/nathan/.config/superpowers/worktrees/SugarScape/democratic-peace",
      "returncode": 0,
      "elapsed_wall_seconds": 1.4489347506314516,
      "timed_out": false,
      "status": "completed",
      "completed_periods": 1000,
      "attempted_period": 1000,
      "invalid_reason": null,
      "cpu_seconds": 1.23,
      "maximum_rss_bytes": 18792448
    },
    {
      "case": 1,
      "preset": "printed_2001",
      "config": {
        "width": 15,
        "height": 15,
        "horizon_periods": 1000,
        "periods_per_tick": 100,
        "initial_democratic_share": 0.3,
        "mobile_share": 0.5,
        "mechanism": "collective_security"
      },
      "seed": 400110001,
      "command": [
        "/usr/bin/time",
        "-l",
        "/Users/nathan/.config/superpowers/worktrees/SugarScape/democratic-peace/survey/target/release/democratic_peace",
        "--manifest",
        "/Users/nathan/.config/superpowers/worktrees/SugarScape/democratic-peace/survey/out/democratic-peace-preparation-task3-fix1/probe-1-manifest.json",
        "--resolved",
        "/Users/nathan/.config/superpowers/worktrees/SugarScape/democratic-peace/survey/out/democratic-peace-preparation-task3-fix1/probe-1-resolved.json",
        "--repo",
        "/Users/nathan/.config/superpowers/worktrees/SugarScape/democratic-peace",
        "--out",
        "/Users/nathan/.config/superpowers/worktrees/SugarScape/democratic-peace/survey/out/democratic-peace-preparation-task3-fix1/probe-1-sessions.jsonl",
        "--receipt",
        "/Users/nathan/.config/superpowers/worktrees/SugarScape/democratic-peace/survey/out/democratic-peace-preparation-task3-fix1/probe-1-build-receipt.json"
      ],
      "cwd": "/Users/nathan/.config/superpowers/worktrees/SugarScape/democratic-peace",
      "returncode": 0,
      "elapsed_wall_seconds": 1.4281593337655067,
      "timed_out": false,
      "status": "completed",
      "completed_periods": 1000,
      "attempted_period": 1000,
      "invalid_reason": null,
      "cpu_seconds": 1.3,
      "maximum_rss_bytes": 19103744
    },
    {
      "case": 2,
      "preset": "printed_2001",
      "config": {
        "width": 15,
        "height": 15,
        "horizon_periods": 1000,
        "periods_per_tick": 100,
        "initial_democratic_share": 0.7,
        "mobile_share": 0.85,
        "mechanism": "collective_security"
      },
      "seed": 400120001,
      "command": [
        "/usr/bin/time",
        "-l",
        "/Users/nathan/.config/superpowers/worktrees/SugarScape/democratic-peace/survey/target/release/democratic_peace",
        "--manifest",
        "/Users/nathan/.config/superpowers/worktrees/SugarScape/democratic-peace/survey/out/democratic-peace-preparation-task3-fix1/probe-2-manifest.json",
        "--resolved",
        "/Users/nathan/.config/superpowers/worktrees/SugarScape/democratic-peace/survey/out/democratic-peace-preparation-task3-fix1/probe-2-resolved.json",
        "--repo",
        "/Users/nathan/.config/superpowers/worktrees/SugarScape/democratic-peace",
        "--out",
        "/Users/nathan/.config/superpowers/worktrees/SugarScape/democratic-peace/survey/out/democratic-peace-preparation-task3-fix1/probe-2-sessions.jsonl",
        "--receipt",
        "/Users/nathan/.config/superpowers/worktrees/SugarScape/democratic-peace/survey/out/democratic-peace-preparation-task3-fix1/probe-2-build-receipt.json"
      ],
      "cwd": "/Users/nathan/.config/superpowers/worktrees/SugarScape/democratic-peace",
      "returncode": 0,
      "elapsed_wall_seconds": 1.3977660834789276,
      "timed_out": false,
      "status": "completed",
      "completed_periods": 1000,
      "attempted_period": 1000,
      "invalid_reason": null,
      "cpu_seconds": 1.25,
      "maximum_rss_bytes": 18169856
    },
    {
      "case": 3,
      "preset": "prose_probability",
      "config": {
        "width": 15,
        "height": 15,
        "horizon_periods": 1000,
        "periods_per_tick": 100,
        "initial_democratic_share": 0.05,
        "mobile_share": 0.15,
        "mechanism": "collective_security"
      },
      "seed": 400130001,
      "command": [
        "/usr/bin/time",
        "-l",
        "/Users/nathan/.config/superpowers/worktrees/SugarScape/democratic-peace/survey/target/release/democratic_peace",
        "--manifest",
        "/Users/nathan/.config/superpowers/worktrees/SugarScape/democratic-peace/survey/out/democratic-peace-preparation-task3-fix1/probe-3-manifest.json",
        "--resolved",
        "/Users/nathan/.config/superpowers/worktrees/SugarScape/democratic-peace/survey/out/democratic-peace-preparation-task3-fix1/probe-3-resolved.json",
        "--repo",
        "/Users/nathan/.config/superpowers/worktrees/SugarScape/democratic-peace",
        "--out",
        "/Users/nathan/.config/superpowers/worktrees/SugarScape/democratic-peace/survey/out/democratic-peace-preparation-task3-fix1/probe-3-sessions.jsonl",
        "--receipt",
        "/Users/nathan/.config/superpowers/worktrees/SugarScape/democratic-peace/survey/out/democratic-peace-preparation-task3-fix1/probe-3-build-receipt.json"
      ],
      "cwd": "/Users/nathan/.config/superpowers/worktrees/SugarScape/democratic-peace",
      "returncode": 0,
      "elapsed_wall_seconds": 1.6531375423073769,
      "timed_out": false,
      "status": "completed",
      "completed_periods": 1000,
      "attempted_period": 1000,
      "invalid_reason": null,
      "cpu_seconds": 1.56,
      "maximum_rss_bytes": 17301504
    },
    {
      "case": 4,
      "preset": "prose_probability",
      "config": {
        "width": 15,
        "height": 15,
        "horizon_periods": 1000,
        "periods_per_tick": 100,
        "initial_democratic_share": 0.3,
        "mobile_share": 0.5,
        "mechanism": "collective_security"
      },
      "seed": 400140001,
      "command": [
        "/usr/bin/time",
        "-l",
        "/Users/nathan/.config/superpowers/worktrees/SugarScape/democratic-peace/survey/target/release/democratic_peace",
        "--manifest",
        "/Users/nathan/.config/superpowers/worktrees/SugarScape/democratic-peace/survey/out/democratic-peace-preparation-task3-fix1/probe-4-manifest.json",
        "--resolved",
        "/Users/nathan/.config/superpowers/worktrees/SugarScape/democratic-peace/survey/out/democratic-peace-preparation-task3-fix1/probe-4-resolved.json",
        "--repo",
        "/Users/nathan/.config/superpowers/worktrees/SugarScape/democratic-peace",
        "--out",
        "/Users/nathan/.config/superpowers/worktrees/SugarScape/democratic-peace/survey/out/democratic-peace-preparation-task3-fix1/probe-4-sessions.jsonl",
        "--receipt",
        "/Users/nathan/.config/superpowers/worktrees/SugarScape/democratic-peace/survey/out/democratic-peace-preparation-task3-fix1/probe-4-build-receipt.json"
      ],
      "cwd": "/Users/nathan/.config/superpowers/worktrees/SugarScape/democratic-peace",
      "returncode": 0,
      "elapsed_wall_seconds": 0.399834000505507,
      "timed_out": false,
      "status": "completed",
      "completed_periods": 1000,
      "attempted_period": 1000,
      "invalid_reason": null,
      "cpu_seconds": 0.38,
      "maximum_rss_bytes": 14008320
    },
    {
      "case": 5,
      "preset": "prose_probability",
      "config": {
        "width": 15,
        "height": 15,
        "horizon_periods": 1000,
        "periods_per_tick": 100,
        "initial_democratic_share": 0.7,
        "mobile_share": 0.85,
        "mechanism": "collective_security"
      },
      "seed": 400150001,
      "command": [
        "/usr/bin/time",
        "-l",
        "/Users/nathan/.config/superpowers/worktrees/SugarScape/democratic-peace/survey/target/release/democratic_peace",
        "--manifest",
        "/Users/nathan/.config/superpowers/worktrees/SugarScape/democratic-peace/survey/out/democratic-peace-preparation-task3-fix1/probe-5-manifest.json",
        "--resolved",
        "/Users/nathan/.config/superpowers/worktrees/SugarScape/democratic-peace/survey/out/democratic-peace-preparation-task3-fix1/probe-5-resolved.json",
        "--repo",
        "/Users/nathan/.config/superpowers/worktrees/SugarScape/democratic-peace",
        "--out",
        "/Users/nathan/.config/superpowers/worktrees/SugarScape/democratic-peace/survey/out/democratic-peace-preparation-task3-fix1/probe-5-sessions.jsonl",
        "--receipt",
        "/Users/nathan/.config/superpowers/worktrees/SugarScape/democratic-peace/survey/out/democratic-peace-preparation-task3-fix1/probe-5-build-receipt.json"
      ],
      "cwd": "/Users/nathan/.config/superpowers/worktrees/SugarScape/democratic-peace",
      "returncode": 0,
      "elapsed_wall_seconds": 1.3883203342556953,
      "timed_out": false,
      "status": "completed",
      "completed_periods": 1000,
      "attempted_period": 1000,
      "invalid_reason": null,
      "cpu_seconds": 1.32,
      "maximum_rss_bytes": 16302080
    }
  ],
  "prospective_gate": {
    "maximum_cpu_hours": 8,
    "maximum_rss_bytes": 2147483648,
    "forecast_multiplier": 2
  },
  "probes_completed": 6,
  "all_six_completed": true,
  "worst_cpu_seconds": 1.56,
  "maximum_rss_bytes": 19103744,
  "registered_histories": 0,
  "original_3240_cpu_hours": 2.8080000000000003,
  "full_14040_cpu_hours": 12.168000000000001,
  "full_scheduling_gate_passed": false,
  "limitation": "Six collective-security cases; not a runtime guarantee. Forecast excludes unbenchmarked fixed-100000-draw analysis. Gate does not authorize registered execution."
}
